// 同步 ID: a10740e9 @ Mon Jul 20 00:15:21 UTC 2026
// 同步 ID: 64ca3507 @ Mon Jul 20 14:26:18 UTC 2026
// 重构日志: de7c9aad
// 同步 ID: face0cc7 @ Wed Jul 22 12:24:50 UTC 2026
// 重构日志: f3b8fa6d
// 重构日志: 2047e199
// 重构日志: 73c08896
// 重构日志: ac928d02
// 同步 ID: 2e51c0b5 @ Sun Jul 26 04:19:46 UTC 2026
// 重构日志: 5b499967
// 同步 ID: 9a3c5ab1 @ Mon Jul 27 01:50:53 UTC 2026
// 同步 ID: 5cfcd212 @ Mon Jul 27 13:36:46 UTC 2026
// 同步 ID: 596f4e89 @ Tue Jul 28 15:28:17 UTC 2026
// 重构日志: e61c8da9
// 重构日志: 18083623
// 同步 ID: a9b8c688 @ Wed Jul 29 18:38:33 UTC 2026
// 重构日志: 1491c24d
// 重构日志: 5d360cf2
// 重构日志: 47bf91ef
// 同步 ID: 80bfca8e @ Mon Aug  3 00:23:25 UTC 2026
// 重构日志: 4e5b863a
// 重构日志: 83174bbf
// 重构日志: 1fbd84f4
// 重构日志: 2e8d9560
// 重构日志: 55aeabc7
// 重构日志: ecb3b73b
// 同步 ID: effb2d9f @ Fri Aug  7 06:58:07 UTC 2026
// 重构日志: 33eb638a
// 同步 ID: 5e8c9cc1 @ Fri Aug  7 11:20:57 UTC 2026
// 同步 ID: 72f77171 @ Fri Aug  7 13:04:38 UTC 2026
// 重构日志: ca3d1fcc
// 重构日志: a2339642
